[0.080s] DEBUG:colcon:Command line arguments: ['/usr/bin/colcon', 'build', '--packages-select', 'pcd2rviz']
[0.080s] DEBUG:colcon:Parsed command line arguments: Namespace(log_base=None, log_level=None, verb_name='build', build_base='build', install_base='install', merge_install=False, symlink_install=False, test_result_base=None, continue_on_error=False, executor='parallel', parallel_workers=16, event_handlers=None, ignore_user_meta=False, metas=['./colcon.meta'], base_paths=['.'], packages_ignore=None, packages_ignore_regex=None, paths=None, packages_up_to=None, packages_up_to_regex=None, packages_above=None, packages_above_and_dependencies=None, packages_above_depth=None, packages_select_by_dep=None, packages_skip_by_dep=None, packages_skip_up_to=None, packages_select_build_failed=False, packages_skip_build_finished=False, packages_select_test_failures=False, packages_skip_test_passed=False, packages_select=['pcd2rviz'], packages_skip=None, packages_select_regex=None, packages_skip_regex=None, packages_start=None, packages_end=None, allow_overriding=[], cmake_args=None, cmake_target=None, cmake_target_skip_unavailable=False, cmake_clean_cache=False, cmake_clean_first=False, cmake_force_configure=False, ament_cmake_args=None, catkin_cmake_args=None, catkin_skip_building_tests=False, verb_parser=<colcon_defaults.argument_parser.defaults.DefaultArgumentsDecorator object at 0x7a9c51133220>, verb_extension=<colcon_core.verb.build.BuildVerb object at 0x7a9c512e10c0>, main=<bound method BuildVerb.main of <colcon_core.verb.build.BuildVerb object at 0x7a9c512e10c0>>)
[0.204s] Level 1:colcon.colcon_core.package_discovery:discover_packages(colcon_meta) check parameters
[0.204s] Level 1:colcon.colcon_core.package_discovery:discover_packages(recursive) check parameters
[0.204s] Level 1:colcon.colcon_core.package_discovery:discover_packages(ignore) check parameters
[0.204s] Level 1:colcon.colcon_core.package_discovery:discover_packages(path) check parameters
[0.204s] Level 1:colcon.colcon_core.package_discovery:discover_packages(colcon_meta) discover
[0.204s] Level 1:colcon.colcon_core.package_discovery:discover_packages(recursive) discover
[0.204s] INFO:colcon.colcon_core.package_discovery:Crawling recursively for packages in '/home/casso/tools/06_pcd2rviz2'
[0.204s] Level 1:colcon.colcon_core.package_identification:_identify(.) by extensions ['ignore', 'ignore_ament_install']
[0.204s] Level 1:colcon.colcon_core.package_identification:_identify(.) by extension 'ignore'
[0.204s] Level 1:colcon.colcon_core.package_identification:_identify(.) by extension 'ignore_ament_install'
[0.205s] Level 1:colcon.colcon_core.package_identification:_identify(.) by extensions ['colcon_pkg']
[0.205s] Level 1:colcon.colcon_core.package_identification:_identify(.) by extension 'colcon_pkg'
[0.205s] Level 1:colcon.colcon_core.package_identification:_identify(.) by extensions ['colcon_meta']
[0.205s] Level 1:colcon.colcon_core.package_identification:_identify(.) by extension 'colcon_meta'
[0.205s] Level 1:colcon.colcon_core.package_identification:_identify(.) by extensions ['ros']
[0.205s] Level 1:colcon.colcon_core.package_identification:_identify(.) by extension 'ros'
[0.213s] Level 1:colcon.colcon_core.package_identification:_identify(.) by extensions ['cmake', 'python']
[0.213s] Level 1:colcon.colcon_core.package_identification:_identify(.) by extension 'cmake'
[0.213s] Level 1:colcon.colcon_core.package_identification:_identify(.) by extension 'python'
[0.213s] Level 1:colcon.colcon_core.package_identification:_identify(.) by extensions ['python_setup_py']
[0.213s] Level 1:colcon.colcon_core.package_identification:_identify(.) by extension 'python_setup_py'
[0.213s] Level 1:colcon.colcon_core.package_identification:_identify(build) by extensions ['ignore', 'ignore_ament_install']
[0.214s] Level 1:colcon.colcon_core.package_identification:_identify(build) by extension 'ignore'
[0.214s] Level 1:colcon.colcon_core.package_identification:_identify(build) ignored
[0.214s] Level 1:colcon.colcon_core.package_identification:_identify(install) by extensions ['ignore', 'ignore_ament_install']
[0.214s] Level 1:colcon.colcon_core.package_identification:_identify(install) by extension 'ignore'
[0.214s] Level 1:colcon.colcon_core.package_identification:_identify(install) ignored
[0.214s] Level 1:colcon.colcon_core.package_identification:_identify(log) by extensions ['ignore', 'ignore_ament_install']
[0.214s] Level 1:colcon.colcon_core.package_identification:_identify(log) by extension 'ignore'
[0.214s] Level 1:colcon.colcon_core.package_identification:_identify(log) ignored
[0.214s] Level 1:colcon.colcon_core.package_identification:_identify(src) by extensions ['ignore', 'ignore_ament_install']
[0.214s] Level 1:colcon.colcon_core.package_identification:_identify(src) by extension 'ignore'
[0.214s] Level 1:colcon.colcon_core.package_identification:_identify(src) by extension 'ignore_ament_install'
[0.214s] Level 1:colcon.colcon_core.package_identification:_identify(src) by extensions ['colcon_pkg']
[0.214s] Level 1:colcon.colcon_core.package_identification:_identify(src) by extension 'colcon_pkg'
[0.214s] Level 1:colcon.colcon_core.package_identification:_identify(src) by extensions ['colcon_meta']
[0.214s] Level 1:colcon.colcon_core.package_identification:_identify(src) by extension 'colcon_meta'
[0.214s] Level 1:colcon.colcon_core.package_identification:_identify(src) by extensions ['ros']
[0.214s] Level 1:colcon.colcon_core.package_identification:_identify(src) by extension 'ros'
[0.215s] Level 1:colcon.colcon_core.package_identification:_identify(src) by extensions ['cmake', 'python']
[0.215s] Level 1:colcon.colcon_core.package_identification:_identify(src) by extension 'cmake'
[0.215s] Level 1:colcon.colcon_core.package_identification:_identify(src) by extension 'python'
[0.215s] Level 1:colcon.colcon_core.package_identification:_identify(src) by extensions ['python_setup_py']
[0.215s] Level 1:colcon.colcon_core.package_identification:_identify(src) by extension 'python_setup_py'
[0.215s] Level 1:colcon.colcon_core.package_identification:_identify(src/pcd2rviz) by extensions ['ignore', 'ignore_ament_install']
[0.215s] Level 1:colcon.colcon_core.package_identification:_identify(src/pcd2rviz) by extension 'ignore'
[0.215s] Level 1:colcon.colcon_core.package_identification:_identify(src/pcd2rviz) by extension 'ignore_ament_install'
[0.215s] Level 1:colcon.colcon_core.package_identification:_identify(src/pcd2rviz) by extensions ['colcon_pkg']
[0.215s] Level 1:colcon.colcon_core.package_identification:_identify(src/pcd2rviz) by extension 'colcon_pkg'
[0.215s] Level 1:colcon.colcon_core.package_identification:_identify(src/pcd2rviz) by extensions ['colcon_meta']
[0.215s] Level 1:colcon.colcon_core.package_identification:_identify(src/pcd2rviz) by extension 'colcon_meta'
[0.215s] Level 1:colcon.colcon_core.package_identification:_identify(src/pcd2rviz) by extensions ['ros']
[0.215s] Level 1:colcon.colcon_core.package_identification:_identify(src/pcd2rviz) by extension 'ros'
[0.217s] DEBUG:colcon.colcon_core.package_identification:Package 'src/pcd2rviz' with type 'ros.ament_cmake' and name 'pcd2rviz'
[0.217s] Level 1:colcon.colcon_core.package_discovery:discover_packages(recursive) using defaults
[0.217s] Level 1:colcon.colcon_core.package_discovery:discover_packages(ignore) discover
[0.217s] Level 1:colcon.colcon_core.package_discovery:discover_packages(ignore) using defaults
[0.217s] Level 1:colcon.colcon_core.package_discovery:discover_packages(path) discover
[0.217s] Level 1:colcon.colcon_core.package_discovery:discover_packages(path) using defaults
[0.232s] Level 1:colcon.colcon_core.package_discovery:discover_packages(prefix_path) check parameters
[0.232s] Level 1:colcon.colcon_core.package_discovery:discover_packages(prefix_path) discover
[0.234s] DEBUG:colcon.colcon_installed_package_information.package_discovery:Found 1 installed packages in /home/casso/tools/06_pcd2rviz2/install
[0.235s] DEBUG:colcon.colcon_installed_package_information.package_discovery:Found 272 installed packages in /opt/ros/humble
[0.236s] Level 1:colcon.colcon_core.package_discovery:discover_packages(prefix_path) using defaults
[0.272s] Level 5:colcon.colcon_core.verb:set package 'pcd2rviz' build argument 'cmake_args' from command line to 'None'
[0.272s] Level 5:colcon.colcon_core.verb:set package 'pcd2rviz' build argument 'cmake_target' from command line to 'None'
[0.272s] Level 5:colcon.colcon_core.verb:set package 'pcd2rviz' build argument 'cmake_target_skip_unavailable' from command line to 'False'
[0.272s] Level 5:colcon.colcon_core.verb:set package 'pcd2rviz' build argument 'cmake_clean_cache' from command line to 'False'
[0.272s] Level 5:colcon.colcon_core.verb:set package 'pcd2rviz' build argument 'cmake_clean_first' from command line to 'False'
[0.272s] Level 5:colcon.colcon_core.verb:set package 'pcd2rviz' build argument 'cmake_force_configure' from command line to 'False'
[0.272s] Level 5:colcon.colcon_core.verb:set package 'pcd2rviz' build argument 'ament_cmake_args' from command line to 'None'
[0.272s] Level 5:colcon.colcon_core.verb:set package 'pcd2rviz' build argument 'catkin_cmake_args' from command line to 'None'
[0.272s] Level 5:colcon.colcon_core.verb:set package 'pcd2rviz' build argument 'catkin_skip_building_tests' from command line to 'False'
[0.272s] DEBUG:colcon.colcon_core.verb:Building package 'pcd2rviz' with the following arguments: {'ament_cmake_args': None, 'build_base': '/home/casso/tools/06_pcd2rviz2/build/pcd2rviz', 'catkin_cmake_args': None, 'catkin_skip_building_tests': False, 'cmake_args': None, 'cmake_clean_cache': False, 'cmake_clean_first': False, 'cmake_force_configure': False, 'cmake_target': None, 'cmake_target_skip_unavailable': False, 'install_base': '/home/casso/tools/06_pcd2rviz2/install/pcd2rviz', 'merge_install': False, 'path': '/home/casso/tools/06_pcd2rviz2/src/pcd2rviz', 'symlink_install': False, 'test_result_base': None}
[0.273s] INFO:colcon.colcon_core.executor:Executing jobs using 'parallel' executor
[0.273s] DEBUG:colcon.colcon_parallel_executor.executor.parallel:run_until_complete
[0.274s] INFO:colcon.colcon_ros.task.ament_cmake.build:Building ROS package in '/home/casso/tools/06_pcd2rviz2/src/pcd2rviz' with build type 'ament_cmake'
[0.274s] INFO:colcon.colcon_cmake.task.cmake.build:Building CMake package in '/home/casso/tools/06_pcd2rviz2/src/pcd2rviz'
[0.275s] INFO:colcon.colcon_core.plugin_system:Skipping extension 'colcon_core.shell.bat': Not used on non-Windows systems
[0.275s] INFO:colcon.colcon_core.shell:Skip shell extension 'powershell' for command environment: Not usable outside of PowerShell
[0.276s] DEBUG:colcon.colcon_core.shell:Skip shell extension 'dsv' for command environment
[0.284s] DEBUG:colcon.colcon_core.event_handler.log_command:Invoking command in '/home/casso/tools/06_pcd2rviz2/build/pcd2rviz': CMAKE_PREFIX_PATH=${CMAKE_PREFIX_PATH}:/opt/ros/humble /usr/bin/cmake --build /home/casso/tools/06_pcd2rviz2/build/pcd2rviz -- -j16 -l16
[7.340s] DEBUG:colcon.colcon_core.event_handler.log_command:Invoked command in '/home/casso/tools/06_pcd2rviz2/build/pcd2rviz' returned '0': CMAKE_PREFIX_PATH=${CMAKE_PREFIX_PATH}:/opt/ros/humble /usr/bin/cmake --build /home/casso/tools/06_pcd2rviz2/build/pcd2rviz -- -j16 -l16
[7.350s] DEBUG:colcon.colcon_core.event_handler.log_command:Invoking command in '/home/casso/tools/06_pcd2rviz2/build/pcd2rviz': CMAKE_PREFIX_PATH=${CMAKE_PREFIX_PATH}:/opt/ros/humble /usr/bin/cmake --install /home/casso/tools/06_pcd2rviz2/build/pcd2rviz
[7.359s] Level 1:colcon.colcon_core.environment:create_environment_scripts_only(pcd2rviz)
[7.360s] DEBUG:colcon.colcon_core.event_handler.log_command:Invoked command in '/home/casso/tools/06_pcd2rviz2/build/pcd2rviz' returned '0': CMAKE_PREFIX_PATH=${CMAKE_PREFIX_PATH}:/opt/ros/humble /usr/bin/cmake --install /home/casso/tools/06_pcd2rviz2/build/pcd2rviz
[7.361s] Level 1:colcon.colcon_core.environment:checking '/home/casso/tools/06_pcd2rviz2/install/pcd2rviz' for CMake module files
[7.362s] Level 1:colcon.colcon_core.environment:checking '/home/casso/tools/06_pcd2rviz2/install/pcd2rviz' for CMake config files
[7.362s] Level 1:colcon.colcon_core.shell:create_environment_hook('pcd2rviz', 'cmake_prefix_path')
[7.362s] INFO:colcon.colcon_core.shell:Creating environment hook '/home/casso/tools/06_pcd2rviz2/install/pcd2rviz/share/pcd2rviz/hook/cmake_prefix_path.ps1'
[7.363s] INFO:colcon.colcon_core.shell:Creating environment descriptor '/home/casso/tools/06_pcd2rviz2/install/pcd2rviz/share/pcd2rviz/hook/cmake_prefix_path.dsv'
[7.363s] INFO:colcon.colcon_core.shell:Creating environment hook '/home/casso/tools/06_pcd2rviz2/install/pcd2rviz/share/pcd2rviz/hook/cmake_prefix_path.sh'
[7.364s] Level 1:colcon.colcon_core.environment:checking '/home/casso/tools/06_pcd2rviz2/install/pcd2rviz/lib'
[7.364s] Level 1:colcon.colcon_core.environment:checking '/home/casso/tools/06_pcd2rviz2/install/pcd2rviz/bin'
[7.364s] Level 1:colcon.colcon_core.environment:checking '/home/casso/tools/06_pcd2rviz2/install/pcd2rviz/lib/pkgconfig/pcd2rviz.pc'
[7.364s] Level 1:colcon.colcon_core.environment:checking '/home/casso/tools/06_pcd2rviz2/install/pcd2rviz/lib/python3.10/site-packages'
[7.364s] Level 1:colcon.colcon_core.environment:checking '/home/casso/tools/06_pcd2rviz2/install/pcd2rviz/bin'
[7.364s] INFO:colcon.colcon_core.shell:Creating package script '/home/casso/tools/06_pcd2rviz2/install/pcd2rviz/share/pcd2rviz/package.ps1'
[7.365s] INFO:colcon.colcon_core.shell:Creating package descriptor '/home/casso/tools/06_pcd2rviz2/install/pcd2rviz/share/pcd2rviz/package.dsv'
[7.365s] INFO:colcon.colcon_core.shell:Creating package script '/home/casso/tools/06_pcd2rviz2/install/pcd2rviz/share/pcd2rviz/package.sh'
[7.366s] INFO:colcon.colcon_core.shell:Creating package script '/home/casso/tools/06_pcd2rviz2/install/pcd2rviz/share/pcd2rviz/package.bash'
[7.366s] INFO:colcon.colcon_core.shell:Creating package script '/home/casso/tools/06_pcd2rviz2/install/pcd2rviz/share/pcd2rviz/package.zsh'
[7.367s] Level 1:colcon.colcon_core.environment:create_file_with_runtime_dependencies(/home/casso/tools/06_pcd2rviz2/install/pcd2rviz/share/colcon-core/packages/pcd2rviz)
[7.367s] Level 1:colcon.colcon_core.environment:create_environment_scripts_only(pcd2rviz)
[7.367s] Level 1:colcon.colcon_core.environment:checking '/home/casso/tools/06_pcd2rviz2/install/pcd2rviz' for CMake module files
[7.368s] Level 1:colcon.colcon_core.environment:checking '/home/casso/tools/06_pcd2rviz2/install/pcd2rviz' for CMake config files
[7.368s] Level 1:colcon.colcon_core.shell:create_environment_hook('pcd2rviz', 'cmake_prefix_path')
[7.368s] INFO:colcon.colcon_core.shell:Creating environment hook '/home/casso/tools/06_pcd2rviz2/install/pcd2rviz/share/pcd2rviz/hook/cmake_prefix_path.ps1'
[7.368s] INFO:colcon.colcon_core.shell:Creating environment descriptor '/home/casso/tools/06_pcd2rviz2/install/pcd2rviz/share/pcd2rviz/hook/cmake_prefix_path.dsv'
[7.369s] INFO:colcon.colcon_core.shell:Creating environment hook '/home/casso/tools/06_pcd2rviz2/install/pcd2rviz/share/pcd2rviz/hook/cmake_prefix_path.sh'
[7.369s] Level 1:colcon.colcon_core.environment:checking '/home/casso/tools/06_pcd2rviz2/install/pcd2rviz/lib'
[7.369s] Level 1:colcon.colcon_core.environment:checking '/home/casso/tools/06_pcd2rviz2/install/pcd2rviz/bin'
[7.369s] Level 1:colcon.colcon_core.environment:checking '/home/casso/tools/06_pcd2rviz2/install/pcd2rviz/lib/pkgconfig/pcd2rviz.pc'
[7.369s] Level 1:colcon.colcon_core.environment:checking '/home/casso/tools/06_pcd2rviz2/install/pcd2rviz/lib/python3.10/site-packages'
[7.369s] Level 1:colcon.colcon_core.environment:checking '/home/casso/tools/06_pcd2rviz2/install/pcd2rviz/bin'
[7.370s] INFO:colcon.colcon_core.shell:Creating package script '/home/casso/tools/06_pcd2rviz2/install/pcd2rviz/share/pcd2rviz/package.ps1'
[7.370s] INFO:colcon.colcon_core.shell:Creating package descriptor '/home/casso/tools/06_pcd2rviz2/install/pcd2rviz/share/pcd2rviz/package.dsv'
[7.370s] INFO:colcon.colcon_core.shell:Creating package script '/home/casso/tools/06_pcd2rviz2/install/pcd2rviz/share/pcd2rviz/package.sh'
[7.371s] INFO:colcon.colcon_core.shell:Creating package script '/home/casso/tools/06_pcd2rviz2/install/pcd2rviz/share/pcd2rviz/package.bash'
[7.371s] INFO:colcon.colcon_core.shell:Creating package script '/home/casso/tools/06_pcd2rviz2/install/pcd2rviz/share/pcd2rviz/package.zsh'
[7.371s] Level 1:colcon.colcon_core.environment:create_file_with_runtime_dependencies(/home/casso/tools/06_pcd2rviz2/install/pcd2rviz/share/colcon-core/packages/pcd2rviz)
[7.371s] DEBUG:colcon.colcon_parallel_executor.executor.parallel:closing loop
[7.372s] DEBUG:colcon.colcon_parallel_executor.executor.parallel:loop closed
[7.372s] DEBUG:colcon.colcon_parallel_executor.executor.parallel:run_until_complete finished with '0'
[7.372s] DEBUG:colcon.colcon_core.event_reactor:joining thread
[7.376s] INFO:colcon.colcon_core.plugin_system:Skipping extension 'colcon_notification.desktop_notification.terminal_notifier': Not used on non-Darwin systems
[7.376s] INFO:colcon.colcon_core.plugin_system:Skipping extension 'colcon_notification.desktop_notification.win32': Not used on non-Windows systems
[7.376s] INFO:colcon.colcon_notification.desktop_notification:Sending desktop notification using 'notify2'
[7.386s] DEBUG:colcon.colcon_core.event_reactor:joined thread
[7.387s] INFO:colcon.colcon_core.shell:Creating prefix script '/home/casso/tools/06_pcd2rviz2/install/local_setup.ps1'
[7.387s] INFO:colcon.colcon_core.shell:Creating prefix util module '/home/casso/tools/06_pcd2rviz2/install/_local_setup_util_ps1.py'
[7.388s] INFO:colcon.colcon_core.shell:Creating prefix chain script '/home/casso/tools/06_pcd2rviz2/install/setup.ps1'
[7.389s] INFO:colcon.colcon_core.shell:Creating prefix script '/home/casso/tools/06_pcd2rviz2/install/local_setup.sh'
[7.390s] INFO:colcon.colcon_core.shell:Creating prefix util module '/home/casso/tools/06_pcd2rviz2/install/_local_setup_util_sh.py'
[7.390s] INFO:colcon.colcon_core.shell:Creating prefix chain script '/home/casso/tools/06_pcd2rviz2/install/setup.sh'
[7.391s] INFO:colcon.colcon_core.shell:Creating prefix script '/home/casso/tools/06_pcd2rviz2/install/local_setup.bash'
[7.391s] INFO:colcon.colcon_core.shell:Creating prefix chain script '/home/casso/tools/06_pcd2rviz2/install/setup.bash'
[7.392s] INFO:colcon.colcon_core.shell:Creating prefix script '/home/casso/tools/06_pcd2rviz2/install/local_setup.zsh'
[7.392s] INFO:colcon.colcon_core.shell:Creating prefix chain script '/home/casso/tools/06_pcd2rviz2/install/setup.zsh'
